mode: set
github.com/awesome-goose/goose-cli/app/app.controller.go:16.64,32.2 1 1
github.com/awesome-goose/goose-cli/app/app.controller.go:35.56,37.21 1 1
github.com/awesome-goose/goose-cli/app/app.controller.go:37.21,39.3 1 1
github.com/awesome-goose/goose-cli/app/app.controller.go:40.2,40.25 1 1
github.com/awesome-goose/goose-cli/app/app.controller.go:40.25,42.3 1 1
github.com/awesome-goose/goose-cli/app/app.controller.go:45.2,47.35 3 1
github.com/awesome-goose/goose-cli/app/app.controller.go:47.35,48.25 1 1
github.com/awesome-goose/goose-cli/app/app.controller.go:48.25,50.9 2 1
github.com/awesome-goose/goose-cli/app/app.controller.go:53.2,53.14 1 1
github.com/awesome-goose/goose-cli/app/app.controller.go:53.14,55.3 1 1
github.com/awesome-goose/goose-cli/app/app.controller.go:58.2,59.16 2 1
github.com/awesome-goose/goose-cli/app/app.controller.go:59.16,61.3 1 0
github.com/awesome-goose/goose-cli/app/app.controller.go:63.2,63.50 1 1
github.com/awesome-goose/goose-cli/app/app.module.go:10.46,16.2 1 0
github.com/awesome-goose/goose-cli/app/app.module.go:18.37,20.2 1 0
github.com/awesome-goose/goose-cli/app/app.module.go:22.42,26.2 1 0
github.com/awesome-goose/goose-cli/app/app.service.go:15.42,17.2 1 1
github.com/awesome-goose/goose-cli/app/app.service.go:19.79,22.22 2 1
github.com/awesome-goose/goose-cli/app/app.service.go:22.22,24.17 2 1
github.com/awesome-goose/goose-cli/app/app.service.go:24.17,26.4 1 0
github.com/awesome-goose/goose-cli/app/app.service.go:27.3,27.19 1 1
github.com/awesome-goose/goose-cli/app/app.service.go:31.2,34.54 2 1
github.com/awesome-goose/goose-cli/app/app.service.go:34.54,36.3 1 1
github.com/awesome-goose/goose-cli/app/app.service.go:39.2,40.39 2 1
github.com/awesome-goose/goose-cli/app/app.service.go:40.39,42.3 1 0
github.com/awesome-goose/goose-cli/app/app.service.go:45.2,54.18 2 1
github.com/awesome-goose/goose-cli/app/app.service.go:55.20,57.46 2 1
github.com/awesome-goose/goose-cli/app/app.service.go:58.15,64.4 1 1
github.com/awesome-goose/goose-cli/app/app.service.go:65.10,66.46 1 1
github.com/awesome-goose/goose-cli/app/app.service.go:69.2,69.20 1 1
github.com/awesome-goose/goose-cli/app/generate/generate.controller.go:17.67,25.21 2 1
github.com/awesome-goose/goose-cli/app/generate/generate.controller.go:25.21,27.3 1 1
github.com/awesome-goose/goose-cli/app/generate/generate.controller.go:30.2,31.22 2 1
github.com/awesome-goose/goose-cli/app/generate/generate.controller.go:31.22,33.3 1 1
github.com/awesome-goose/goose-cli/app/generate/generate.controller.go:36.2,38.31 3 1
github.com/awesome-goose/goose-cli/app/generate/generate.controller.go:38.31,39.22 1 1
github.com/awesome-goose/goose-cli/app/generate/generate.controller.go:39.22,41.9 2 1
github.com/awesome-goose/goose-cli/app/generate/generate.controller.go:44.2,44.18 1 1
github.com/awesome-goose/goose-cli/app/generate/generate.controller.go:44.18,46.3 1 1
github.com/awesome-goose/goose-cli/app/generate/generate.controller.go:49.2,50.16 2 1
github.com/awesome-goose/goose-cli/app/generate/generate.controller.go:50.16,52.3 1 1
github.com/awesome-goose/goose-cli/app/generate/generate.controller.go:54.2,54.91 1 1
github.com/awesome-goose/goose-cli/app/generate/generate.module.go:7.51,11.2 1 0
github.com/awesome-goose/goose-cli/app/generate/generate.module.go:13.42,15.2 1 0
github.com/awesome-goose/goose-cli/app/generate/generate.module.go:17.47,21.2 1 0
github.com/awesome-goose/goose-cli/app/generate/generate.service.go:13.95,16.16 2 1
github.com/awesome-goose/goose-cli/app/generate/generate.service.go:16.16,18.3 1 0
github.com/awesome-goose/goose-cli/app/generate/generate.service.go:21.2,22.53 2 1
github.com/awesome-goose/goose-cli/app/generate/generate.service.go:22.53,24.3 1 1
github.com/awesome-goose/goose-cli/app/generate/generate.service.go:26.2,27.58 2 1
github.com/awesome-goose/goose-cli/app/generate/generate.service.go:27.58,29.3 1 1
github.com/awesome-goose/goose-cli/app/generate/generate.service.go:32.2,33.16 2 1
github.com/awesome-goose/goose-cli/app/generate/generate.service.go:33.16,35.17 2 1
github.com/awesome-goose/goose-cli/app/generate/generate.service.go:35.17,37.4 1 0
github.com/awesome-goose/goose-cli/app/generate/generate.service.go:38.3,38.18 1 1
github.com/awesome-goose/goose-cli/app/generate/generate.service.go:42.2,44.35 3 1
github.com/awesome-goose/goose-cli/app/generate/generate.service.go:44.35,45.16 1 1
github.com/awesome-goose/goose-cli/app/generate/generate.service.go:45.16,47.9 2 1
github.com/awesome-goose/goose-cli/app/generate/generate.service.go:50.2,50.22 1 1
github.com/awesome-goose/goose-cli/app/generate/generate.service.go:50.22,52.3 1 1
github.com/awesome-goose/goose-cli/app/generate/generate.service.go:55.2,56.55 2 1
github.com/awesome-goose/goose-cli/app/generate/generate.service.go:56.55,58.3 1 1
github.com/awesome-goose/goose-cli/app/generate/generate.service.go:61.2,62.39 2 1
github.com/awesome-goose/goose-cli/app/generate/generate.service.go:62.39,64.3 1 0
github.com/awesome-goose/goose-cli/app/generate/generate.service.go:67.2,75.20 2 1
github.com/awesome-goose/goose-cli/generator/generator.go:31.67,46.2 2 1
github.com/awesome-goose/goose-cli/generator/generator.go:49.41,52.97 2 1
github.com/awesome-goose/goose-cli/generator/generator.go:52.97,53.17 1 1
github.com/awesome-goose/goose-cli/generator/generator.go:53.17,55.4 1 0
github.com/awesome-goose/goose-cli/generator/generator.go:58.3,58.26 1 1
github.com/awesome-goose/goose-cli/generator/generator.go:58.26,60.4 1 1
github.com/awesome-goose/goose-cli/generator/generator.go:63.3,69.16 4 1
github.com/awesome-goose/goose-cli/generator/generator.go:69.16,71.4 1 1
github.com/awesome-goose/goose-cli/generator/generator.go:74.3,75.17 2 1
github.com/awesome-goose/goose-cli/generator/generator.go:75.17,77.4 1 0
github.com/awesome-goose/goose-cli/generator/generator.go:80.3,81.17 2 1
github.com/awesome-goose/goose-cli/generator/generator.go:81.17,83.4 1 0
github.com/awesome-goose/goose-cli/generator/generator.go:86.3,86.69 1 1
github.com/awesome-goose/goose-cli/generator/generator.go:86.69,88.4 1 0
github.com/awesome-goose/goose-cli/generator/generator.go:91.3,91.75 1 1
github.com/awesome-goose/goose-cli/generator/generator.go:91.75,93.4 1 0
github.com/awesome-goose/goose-cli/generator/generator.go:95.3,96.13 2 1
github.com/awesome-goose/goose-cli/generator/generator.go:100.72,102.16 2 1
github.com/awesome-goose/goose-cli/generator/generator.go:102.16,104.3 1 0
github.com/awesome-goose/goose-cli/generator/generator.go:106.2,107.51 2 1
github.com/awesome-goose/goose-cli/generator/generator.go:107.51,109.3 1 0
github.com/awesome-goose/goose-cli/generator/generator.go:111.2,111.26 1 1
github.com/awesome-goose/goose-cli/generator/generator.go:124.86,136.2 1 1
github.com/awesome-goose/goose-cli/generator/generator.go:139.44,143.100 3 1
github.com/awesome-goose/goose-cli/generator/generator.go:143.100,144.17 1 1
github.com/awesome-goose/goose-cli/generator/generator.go:144.17,146.4 1 0
github.com/awesome-goose/goose-cli/generator/generator.go:149.3,149.26 1 1
github.com/awesome-goose/goose-cli/generator/generator.go:149.26,151.4 1 1
github.com/awesome-goose/goose-cli/generator/generator.go:154.3,167.16 10 1
github.com/awesome-goose/goose-cli/generator/generator.go:167.16,169.4 1 1
github.com/awesome-goose/goose-cli/generator/generator.go:172.3,173.17 2 1
github.com/awesome-goose/goose-cli/generator/generator.go:173.17,175.4 1 0
github.com/awesome-goose/goose-cli/generator/generator.go:178.3,179.17 2 1
github.com/awesome-goose/goose-cli/generator/generator.go:179.17,181.4 1 0
github.com/awesome-goose/goose-cli/generator/generator.go:184.3,184.69 1 1
github.com/awesome-goose/goose-cli/generator/generator.go:184.69,186.4 1 0
github.com/awesome-goose/goose-cli/generator/generator.go:189.3,189.75 1 1
github.com/awesome-goose/goose-cli/generator/generator.go:189.75,191.4 1 0
github.com/awesome-goose/goose-cli/generator/generator.go:193.3,194.13 2 1
github.com/awesome-goose/goose-cli/generator/generator.go:197.2,197.16 1 1
github.com/awesome-goose/goose-cli/generator/generator.go:197.16,199.3 1 0
github.com/awesome-goose/goose-cli/generator/generator.go:202.2,202.28 1 1
github.com/awesome-goose/goose-cli/generator/generator.go:205.75,207.16 2 1
github.com/awesome-goose/goose-cli/generator/generator.go:207.16,209.3 1 0
github.com/awesome-goose/goose-cli/generator/generator.go:211.2,212.51 2 1
github.com/awesome-goose/goose-cli/generator/generator.go:212.51,214.3 1 0
github.com/awesome-goose/goose-cli/generator/generator.go:216.2,216.26 1 1
github.com/awesome-goose/goose-cli/generator/generator.go:219.51,223.16 3 1
github.com/awesome-goose/goose-cli/generator/generator.go:223.16,225.3 1 0
github.com/awesome-goose/goose-cli/generator/generator.go:227.2,233.16 5 1
github.com/awesome-goose/goose-cli/generator/generator.go:233.16,235.3 1 0
github.com/awesome-goose/goose-cli/generator/generator.go:238.2,240.22 3 1
github.com/awesome-goose/goose-cli/generator/generator.go:240.22,242.3 1 0
github.com/awesome-goose/goose-cli/generator/generator.go:243.2,249.47 4 1
github.com/awesome-goose/goose-cli/generator/generator.go:249.47,252.87 2 1
github.com/awesome-goose/goose-cli/generator/generator.go:252.87,255.4 1 1
github.com/awesome-goose/goose-cli/generator/generator.go:259.2,260.55 2 1
github.com/awesome-goose/goose-cli/generator/generator.go:260.55,263.88 2 1
github.com/awesome-goose/goose-cli/generator/generator.go:263.88,265.4 1 1
github.com/awesome-goose/goose-cli/generator/generator.go:268.2,268.78 1 1
github.com/awesome-goose/goose-cli/generator/generator.go:268.78,270.3 1 0
github.com/awesome-goose/goose-cli/generator/generator.go:272.2,273.12 2 1
github.com/awesome-goose/goose-cli/generator/generator.go:277.35,279.22 2 1
github.com/awesome-goose/goose-cli/generator/generator.go:279.22,280.36 1 1
github.com/awesome-goose/goose-cli/generator/generator.go:280.36,282.4 1 1
github.com/awesome-goose/goose-cli/generator/generator.go:283.3,283.22 1 1
github.com/awesome-goose/goose-cli/generator/generator.go:285.2,285.41 1 1
github.com/awesome-goose/goose-cli/generator/generator.go:288.36,289.51 1 1
github.com/awesome-goose/goose-cli/generator/generator.go:289.51,291.3 1 1
github.com/awesome-goose/goose-cli/generator/generator.go:293.2,294.29 2 1
github.com/awesome-goose/goose-cli/generator/generator.go:294.29,295.20 1 1
github.com/awesome-goose/goose-cli/generator/generator.go:295.20,298.4 2 1
github.com/awesome-goose/goose-cli/generator/generator.go:301.2,301.23 1 1
github.com/awesome-goose/goose-cli/generator/generator.go:301.23,303.3 1 0
github.com/awesome-goose/goose-cli/generator/generator.go:305.2,305.24 1 1
github.com/awesome-goose/goose-cli/generator/generator.go:309.52,312.16 3 1
github.com/awesome-goose/goose-cli/generator/generator.go:312.16,314.3 1 1
github.com/awesome-goose/goose-cli/generator/generator.go:316.2,318.51 2 1
github.com/awesome-goose/goose-cli/generator/generator.go:318.51,320.3 1 1
github.com/awesome-goose/goose-cli/generator/generator.go:321.2,321.51 1 1
github.com/awesome-goose/goose-cli/generator/generator.go:321.51,323.3 1 1
github.com/awesome-goose/goose-cli/generator/generator.go:324.2,324.51 1 1
github.com/awesome-goose/goose-cli/generator/generator.go:324.51,326.3 1 1
github.com/awesome-goose/goose-cli/generator/generator.go:328.2,328.65 1 1
